<?xml version="1.0" encoding="utf-8"?>
<TestRun id="1a63f1d4-60e6-476d-b347-d0eb5a0f82d8" name="biges@MCKITRICK 2025-08-29 19:02:08" runUser="MCKITRICK\biges" xmlns="http://microsoft.com/schemas/VisualStudio/TeamTest/2010">
  <Times creation="2025-08-29T19:02:08.7925436-06:00" queuing="2025-08-29T19:02:08.7925440-06:00" start="2025-08-29T19:02:07.7171547-06:00" finish="2025-08-29T19:02:08.8676528-06:00" />
  <TestSettings name="default" id="4fe03e76-5c3b-4823-9ac1-50f29bc92616">
    <Deployment runDeploymentRoot="biges_MCKITRICK_2025-08-29_19_02_08" />
  </TestSettings>
  <Results>
    <UnitTestResult executionId="f84fb8c6-9eb0-4a48-8439-dabb4628690e" testId="f6d5f5bb-05c6-918d-ca59-9e31473e5112" testName="WileyWidget.UiTests.MainWindowUITests.MainWindow_HasExpectedDimensions" computerName="MCKITRICK" duration="00:00:00.0010000" startTime="2025-08-29T19:02:08.7577520-06:00" endTime="2025-08-29T19:02:08.7577520-06:00" testType="13cdc9d9-ddb5-4fa4-a97d-d965ccfc6d4b" outcome="Failed" testListId="8c84fa94-04c1-424b-9868-57a2d4851a1d" relativeResultsDirectory="f84fb8c6-9eb0-4a48-8439-dabb4628690e">
      <Output>
        <ErrorInfo>
          <Message>System.InvalidOperationException : UI tests must run on STA thread</Message>
          <StackTrace>   at WileyWidget.UiTests.MainWindowUITests..ctor() in C:\Users\biges\Desktop\Wiley_Widget\WileyWidget.UiTests\MainWindowUITests.cs:line 33&#xD;
   at System.RuntimeType.CreateInstanceDefaultCtor(Boolean publicOnly, Boolean wrapExceptions)</StackTrace>
        </ErrorInfo>
      </Output>
    </UnitTestResult>
    <UnitTestResult executionId="cb984705-0011-4371-9b40-2f14dc172fb7" testId="c573233b-408e-6660-ac37-3cc6b7d50246" testName="WileyWidget.UiTests.MainWindowUITests.UI_Framework_Compatibility_Check" computerName="MCKITRICK" duration="00:00:00.0010000" startTime="2025-08-29T19:02:08.7379149-06:00" endTime="2025-08-29T19:02:08.7379150-06:00" testType="13cdc9d9-ddb5-4fa4-a97d-d965ccfc6d4b" outcome="Failed" testListId="8c84fa94-04c1-424b-9868-57a2d4851a1d" relativeResultsDirectory="cb984705-0011-4371-9b40-2f14dc172fb7">
      <Output>
        <ErrorInfo>
          <Message>System.InvalidOperationException : UI tests must run on STA thread</Message>
          <StackTrace>   at WileyWidget.UiTests.MainWindowUITests..ctor() in C:\Users\biges\Desktop\Wiley_Widget\WileyWidget.UiTests\MainWindowUITests.cs:line 33&#xD;
   at System.RuntimeType.CreateInstanceDefaultCtor(Boolean publicOnly, Boolean wrapExceptions)</StackTrace>
        </ErrorInfo>
      </Output>
    </UnitTestResult>
    <UnitTestResult executionId="368c35dc-8d96-4721-ba27-6c21b650f6a7" testId="b784be1b-b728-44f4-8e70-095fc6250191" testName="WileyWidget.UiTests.MainWindowUITests.MainWindow_ContainsRibbonInterface" computerName="MCKITRICK" duration="00:00:00.0010000" startTime="2025-08-29T19:02:08.7374133-06:00" endTime="2025-08-29T19:02:08.7374133-06:00" testType="13cdc9d9-ddb5-4fa4-a97d-d965ccfc6d4b" outcome="Failed" testListId="8c84fa94-04c1-424b-9868-57a2d4851a1d" relativeResultsDirectory="368c35dc-8d96-4721-ba27-6c21b650f6a7">
      <Output>
        <ErrorInfo>
          <Message>System.InvalidOperationException : UI tests must run on STA thread</Message>
          <StackTrace>   at WileyWidget.UiTests.MainWindowUITests..ctor() in C:\Users\biges\Desktop\Wiley_Widget\WileyWidget.UiTests\MainWindowUITests.cs:line 33&#xD;
   at System.RuntimeType.CreateInstanceDefaultCtor(Boolean publicOnly, Boolean wrapExceptions)</StackTrace>
        </ErrorInfo>
      </Output>
    </UnitTestResult>
    <UnitTestResult executionId="dfa44ec7-5e9c-4e54-a630-b9fe6f3eed43" testId="9b8797f9-7eae-a20c-6f76-1f24c45beaf5" testName="WileyWidget.UiTests.MainWindowUITests.UI_Automation_CanFindDesktop" computerName="MCKITRICK" duration="00:00:00.0010000" startTime="2025-08-29T19:02:08.7598976-06:00" endTime="2025-08-29T19:02:08.7598978-06:00" testType="13cdc9d9-ddb5-4fa4-a97d-d965ccfc6d4b" outcome="Failed" testListId="8c84fa94-04c1-424b-9868-57a2d4851a1d" relativeResultsDirectory="dfa44ec7-5e9c-4e54-a630-b9fe6f3eed43">
      <Output>
        <ErrorInfo>
          <Message>System.InvalidOperationException : UI tests must run on STA thread</Message>
          <StackTrace>   at WileyWidget.UiTests.MainWindowUITests..ctor() in C:\Users\biges\Desktop\Wiley_Widget\WileyWidget.UiTests\MainWindowUITests.cs:line 33&#xD;
   at System.RuntimeType.CreateInstanceDefaultCtor(Boolean publicOnly, Boolean wrapExceptions)</StackTrace>
        </ErrorInfo>
      </Output>
    </UnitTestResult>
    <UnitTestResult executionId="1c775540-dbee-4bae-a5dc-743dce0ea4a3" testId="2069c557-3fbb-0610-bc33-93106cab9382" testName="WileyWidget.UiTests.MainWindowUITests.UI_Automation_CanEnumerateDesktopWindows" computerName="MCKITRICK" duration="00:00:00.0010000" startTime="2025-08-29T19:02:08.7365483-06:00" endTime="2025-08-29T19:02:08.7365485-06:00" testType="13cdc9d9-ddb5-4fa4-a97d-d965ccfc6d4b" outcome="Failed" testListId="8c84fa94-04c1-424b-9868-57a2d4851a1d" relativeResultsDirectory="1c775540-dbee-4bae-a5dc-743dce0ea4a3">
      <Output>
        <ErrorInfo>
          <Message>System.InvalidOperationException : UI tests must run on STA thread</Message>
          <StackTrace>   at WileyWidget.UiTests.MainWindowUITests..ctor() in C:\Users\biges\Desktop\Wiley_Widget\WileyWidget.UiTests\MainWindowUITests.cs:line 33&#xD;
   at System.RuntimeType.CreateInstanceDefaultCtor(Boolean publicOnly, Boolean wrapExceptions)</StackTrace>
        </ErrorInfo>
      </Output>
    </UnitTestResult>
    <UnitTestResult executionId="237720fd-9f9e-4126-918a-b4627c4ecebd" testId="4e09d0f0-d0e3-ce1a-54bc-44a73be06ad0" testName="WileyWidget.UiTests.MainWindowUITests.Application_CanBeLaunchedFromTestEnvironment" computerName="MCKITRICK" duration="00:00:00.0010000" startTime="2025-08-29T19:02:08.7407425-06:00" endTime="2025-08-29T19:02:08.7407426-06:00" testType="13cdc9d9-ddb5-4fa4-a97d-d965ccfc6d4b" outcome="Failed" testListId="8c84fa94-04c1-424b-9868-57a2d4851a1d" relativeResultsDirectory="237720fd-9f9e-4126-918a-b4627c4ecebd">
      <Output>
        <ErrorInfo>
          <Message>System.InvalidOperationException : UI tests must run on STA thread</Message>
          <StackTrace>   at WileyWidget.UiTests.MainWindowUITests..ctor() in C:\Users\biges\Desktop\Wiley_Widget\WileyWidget.UiTests\MainWindowUITests.cs:line 33&#xD;
   at System.RuntimeType.CreateInstanceDefaultCtor(Boolean publicOnly, Boolean wrapExceptions)</StackTrace>
        </ErrorInfo>
      </Output>
    </UnitTestResult>
    <UnitTestResult executionId="8da0acf2-f5d5-4c97-b84d-5d455d54b980" testId="be565b50-8d83-c276-947d-d5d13795c237" testName="WileyWidget.UiTests.MainWindowUITests.UI_Test_Framework_IsConfigured" computerName="MCKITRICK" duration="00:00:00.0010000" startTime="2025-08-29T19:02:08.7403661-06:00" endTime="2025-08-29T19:02:08.7403662-06:00" testType="13cdc9d9-ddb5-4fa4-a97d-d965ccfc6d4b" outcome="Failed" testListId="8c84fa94-04c1-424b-9868-57a2d4851a1d" relativeResultsDirectory="8da0acf2-f5d5-4c97-b84d-5d455d54b980">
      <Output>
        <ErrorInfo>
          <Message>System.InvalidOperationException : UI tests must run on STA thread</Message>
          <StackTrace>   at WileyWidget.UiTests.MainWindowUITests..ctor() in C:\Users\biges\Desktop\Wiley_Widget\WileyWidget.UiTests\MainWindowUITests.cs:line 33&#xD;
   at System.RuntimeType.CreateInstanceDefaultCtor(Boolean publicOnly, Boolean wrapExceptions)</StackTrace>
        </ErrorInfo>
      </Output>
    </UnitTestResult>
    <UnitTestResult executionId="cd053f74-63b7-4113-bbad-cfff933ef2ee" testId="9daec5f3-5b2a-58a6-e44e-972fdbc203a3" testName="WileyWidget.UiTests.MainWindowUITests.MainWindow_HasExpectedUIElements" computerName="MCKITRICK" duration="00:00:00.0010000" startTime="2025-08-29T19:02:08.7389861-06:00" endTime="2025-08-29T19:02:08.7389862-06:00" testType="13cdc9d9-ddb5-4fa4-a97d-d965ccfc6d4b" outcome="NotExecuted" testListId="8c84fa94-04c1-424b-9868-57a2d4851a1d" relativeResultsDirectory="cd053f74-63b7-4113-bbad-cfff933ef2ee">
      <Output>
        <ErrorInfo>
          <Message>Requires application to be built and available</Message>
        </ErrorInfo>
      </Output>
    </UnitTestResult>
    <UnitTestResult executionId="06396160-ebe8-4313-b3e2-7292a71694ec" testId="848d400a-3297-38f8-3511-ef5fc9699422" testName="WileyWidget.UiTests.MainWindowUITests.UI_Test_Environment_IsReady" computerName="MCKITRICK" duration="00:00:00.0010000" startTime="2025-08-29T19:02:08.7395110-06:00" endTime="2025-08-29T19:02:08.7395111-06:00" testType="13cdc9d9-ddb5-4fa4-a97d-d965ccfc6d4b" outcome="Failed" testListId="8c84fa94-04c1-424b-9868-57a2d4851a1d" relativeResultsDirectory="06396160-ebe8-4313-b3e2-7292a71694ec">
      <Output>
        <ErrorInfo>
          <Message>System.InvalidOperationException : UI tests must run on STA thread</Message>
          <StackTrace>   at WileyWidget.UiTests.MainWindowUITests..ctor() in C:\Users\biges\Desktop\Wiley_Widget\WileyWidget.UiTests\MainWindowUITests.cs:line 33&#xD;
   at System.RuntimeType.CreateInstanceDefaultCtor(Boolean publicOnly, Boolean wrapExceptions)</StackTrace>
        </ErrorInfo>
      </Output>
    </UnitTestResult>
    <UnitTestResult executionId="ffce5c78-92a6-40fe-9026-beaec629e5e2" testId="8ccd3ba8-584e-e74e-cadd-221f276c8394" testName="WileyWidget.UiTests.MainWindowUITests.MainWindow_ContainsTabControl" computerName="MCKITRICK" duration="00:00:00.0010000" startTime="2025-08-29T19:02:08.7399600-06:00" endTime="2025-08-29T19:02:08.7399601-06:00" testType="13cdc9d9-ddb5-4fa4-a97d-d965ccfc6d4b" outcome="Failed" testListId="8c84fa94-04c1-424b-9868-57a2d4851a1d" relativeResultsDirectory="ffce5c78-92a6-40fe-9026-beaec629e5e2">
      <Output>
        <ErrorInfo>
          <Message>System.InvalidOperationException : UI tests must run on STA thread</Message>
          <StackTrace>   at WileyWidget.UiTests.MainWindowUITests..ctor() in C:\Users\biges\Desktop\Wiley_Widget\WileyWidget.UiTests\MainWindowUITests.cs:line 33&#xD;
   at System.RuntimeType.CreateInstanceDefaultCtor(Boolean publicOnly, Boolean wrapExceptions)</StackTrace>
        </ErrorInfo>
      </Output>
    </UnitTestResult>
    <UnitTestResult executionId="b7fbaac4-c874-4c87-a3de-0df8ea1bb4ae" testId="fba49196-ded9-4235-7a6e-d8bc3d32b0fa" testName="WileyWidget.UiTests.MainWindowUITests.MainWindow_CanBeLaunched" computerName="MCKITRICK" duration="00:00:00.0010000" startTime="2025-08-29T19:02:08.7572955-06:00" endTime="2025-08-29T19:02:08.7572956-06:00" testType="13cdc9d9-ddb5-4fa4-a97d-d965ccfc6d4b" outcome="NotExecuted" testListId="8c84fa94-04c1-424b-9868-57a2d4851a1d" relativeResultsDirectory="b7fbaac4-c874-4c87-a3de-0df8ea1bb4ae">
      <Output>
        <ErrorInfo>
          <Message>Requires application to be built and available</Message>
        </ErrorInfo>
      </Output>
    </UnitTestResult>
    <UnitTestResult executionId="ea24c3f4-3b13-4354-bf53-3cc7c62bd334" testId="3866c083-a176-cae2-61ee-b71cb6185d2b" testName="WileyWidget.UiTests.MainWindowUITests.MainWindow_LoadsWithExpectedTitle" computerName="MCKITRICK" duration="00:00:00.0010000" startTime="2025-08-29T19:02:08.7279126-06:00" endTime="2025-08-29T19:02:08.7279249-06:00" testType="13cdc9d9-ddb5-4fa4-a97d-d965ccfc6d4b" outcome="Failed" testListId="8c84fa94-04c1-424b-9868-57a2d4851a1d" relativeResultsDirectory="ea24c3f4-3b13-4354-bf53-3cc7c62bd334">
      <Output>
        <ErrorInfo>
          <Message>System.InvalidOperationException : UI tests must run on STA thread</Message>
          <StackTrace>   at WileyWidget.UiTests.MainWindowUITests..ctor() in C:\Users\biges\Desktop\Wiley_Widget\WileyWidget.UiTests\MainWindowUITests.cs:line 33&#xD;
   at System.RuntimeType.CreateInstanceDefaultCtor(Boolean publicOnly, Boolean wrapExceptions)</StackTrace>
        </ErrorInfo>
      </Output>
    </UnitTestResult>
    <UnitTestResult executionId="8fb2b11e-7930-45e0-89c8-fe2dfe5b4c64" testId="759a79a0-c917-a9ba-b00f-8ffc9e102928" testName="WileyWidget.UiTests.MainWindowUITests.MainWindow_HasAllExpectedTabs" computerName="MCKITRICK" duration="00:00:00.0010000" startTime="2025-08-29T19:02:08.7590491-06:00" endTime="2025-08-29T19:02:08.7590494-06:00" testType="13cdc9d9-ddb5-4fa4-a97d-d965ccfc6d4b" outcome="Failed" testListId="8c84fa94-04c1-424b-9868-57a2d4851a1d" relativeResultsDirectory="8fb2b11e-7930-45e0-89c8-fe2dfe5b4c64">
      <Output>
        <ErrorInfo>
          <Message>System.InvalidOperationException : UI tests must run on STA thread</Message>
          <StackTrace>   at WileyWidget.UiTests.MainWindowUITests..ctor() in C:\Users\biges\Desktop\Wiley_Widget\WileyWidget.UiTests\MainWindowUITests.cs:line 33&#xD;
   at System.RuntimeType.CreateInstanceDefaultCtor(Boolean publicOnly, Boolean wrapExceptions)</StackTrace>
        </ErrorInfo>
      </Output>
    </UnitTestResult>
  </Results>
  <TestDefinitions>
    <UnitTest name="WileyWidget.UiTests.MainWindowUITests.UI_Test_Framework_IsConfigured" storage="c:\users\biges\desktop\wiley_widget\wileywidget.uitests\bin\debug\net9.0-windows\wileywidget.uitests.dll" id="be565b50-8d83-c276-947d-d5d13795c237">
      <Execution id="8da0acf2-f5d5-4c97-b84d-5d455d54b980" />
      <TestMethod codeBase="C:\Users\biges\Desktop\Wiley_Widget\WileyWidget.UiTests\bin\Debug\net9.0-windows\WileyWidget.UiTests.dll" adapterTypeName="executor://xunit/VsTestRunner2/netcoreapp" className="WileyWidget.UiTests.MainWindowUITests" name="UI_Test_Framework_IsConfigured" />
    </UnitTest>
    <UnitTest name="WileyWidget.UiTests.MainWindowUITests.MainWindow_ContainsTabControl" storage="c:\users\biges\desktop\wiley_widget\wileywidget.uitests\bin\debug\net9.0-windows\wileywidget.uitests.dll" id="8ccd3ba8-584e-e74e-cadd-221f276c8394">
      <Execution id="ffce5c78-92a6-40fe-9026-beaec629e5e2" />
      <TestMethod codeBase="C:\Users\biges\Desktop\Wiley_Widget\WileyWidget.UiTests\bin\Debug\net9.0-windows\WileyWidget.UiTests.dll" adapterTypeName="executor://xunit/VsTestRunner2/netcoreapp" className="WileyWidget.UiTests.MainWindowUITests" name="MainWindow_ContainsTabControl" />
    </UnitTest>
    <UnitTest name="WileyWidget.UiTests.MainWindowUITests.MainWindow_CanBeLaunched" storage="c:\users\biges\desktop\wiley_widget\wileywidget.uitests\bin\debug\net9.0-windows\wileywidget.uitests.dll" id="fba49196-ded9-4235-7a6e-d8bc3d32b0fa">
      <Execution id="b7fbaac4-c874-4c87-a3de-0df8ea1bb4ae" />
      <TestMethod codeBase="C:\Users\biges\Desktop\Wiley_Widget\WileyWidget.UiTests\bin\Debug\net9.0-windows\WileyWidget.UiTests.dll" adapterTypeName="executor://xunit/VsTestRunner2/netcoreapp" className="WileyWidget.UiTests.MainWindowUITests" name="MainWindow_CanBeLaunched" />
    </UnitTest>
    <UnitTest name="WileyWidget.UiTests.MainWindowUITests.UI_Automation_CanFindDesktop" storage="c:\users\biges\desktop\wiley_widget\wileywidget.uitests\bin\debug\net9.0-windows\wileywidget.uitests.dll" id="9b8797f9-7eae-a20c-6f76-1f24c45beaf5">
      <Execution id="dfa44ec7-5e9c-4e54-a630-b9fe6f3eed43" />
      <TestMethod codeBase="C:\Users\biges\Desktop\Wiley_Widget\WileyWidget.UiTests\bin\Debug\net9.0-windows\WileyWidget.UiTests.dll" adapterTypeName="executor://xunit/VsTestRunner2/netcoreapp" className="WileyWidget.UiTests.MainWindowUITests" name="UI_Automation_CanFindDesktop" />
    </UnitTest>
    <UnitTest name="WileyWidget.UiTests.MainWindowUITests.MainWindow_HasExpectedDimensions" storage="c:\users\biges\desktop\wiley_widget\wileywidget.uitests\bin\debug\net9.0-windows\wileywidget.uitests.dll" id="f6d5f5bb-05c6-918d-ca59-9e31473e5112">
      <Execution id="f84fb8c6-9eb0-4a48-8439-dabb4628690e" />
      <TestMethod codeBase="C:\Users\biges\Desktop\Wiley_Widget\WileyWidget.UiTests\bin\Debug\net9.0-windows\WileyWidget.UiTests.dll" adapterTypeName="executor://xunit/VsTestRunner2/netcoreapp" className="WileyWidget.UiTests.MainWindowUITests" name="MainWindow_HasExpectedDimensions" />
    </UnitTest>
    <UnitTest name="WileyWidget.UiTests.MainWindowUITests.UI_Test_Environment_IsReady" storage="c:\users\biges\desktop\wiley_widget\wileywidget.uitests\bin\debug\net9.0-windows\wileywidget.uitests.dll" id="848d400a-3297-38f8-3511-ef5fc9699422">
      <Execution id="06396160-ebe8-4313-b3e2-7292a71694ec" />
      <TestMethod codeBase="C:\Users\biges\Desktop\Wiley_Widget\WileyWidget.UiTests\bin\Debug\net9.0-windows\WileyWidget.UiTests.dll" adapterTypeName="executor://xunit/VsTestRunner2/netcoreapp" className="WileyWidget.UiTests.MainWindowUITests" name="UI_Test_Environment_IsReady" />
    </UnitTest>
    <UnitTest name="WileyWidget.UiTests.MainWindowUITests.MainWindow_HasExpectedUIElements" storage="c:\users\biges\desktop\wiley_widget\wileywidget.uitests\bin\debug\net9.0-windows\wileywidget.uitests.dll" id="9daec5f3-5b2a-58a6-e44e-972fdbc203a3">
      <Execution id="cd053f74-63b7-4113-bbad-cfff933ef2ee" />
      <TestMethod codeBase="C:\Users\biges\Desktop\Wiley_Widget\WileyWidget.UiTests\bin\Debug\net9.0-windows\WileyWidget.UiTests.dll" adapterTypeName="executor://xunit/VsTestRunner2/netcoreapp" className="WileyWidget.UiTests.MainWindowUITests" name="MainWindow_HasExpectedUIElements" />
    </UnitTest>
    <UnitTest name="WileyWidget.UiTests.MainWindowUITests.Application_CanBeLaunchedFromTestEnvironment" storage="c:\users\biges\desktop\wiley_widget\wileywidget.uitests\bin\debug\net9.0-windows\wileywidget.uitests.dll" id="4e09d0f0-d0e3-ce1a-54bc-44a73be06ad0">
      <Execution id="237720fd-9f9e-4126-918a-b4627c4ecebd" />
      <TestMethod codeBase="C:\Users\biges\Desktop\Wiley_Widget\WileyWidget.UiTests\bin\Debug\net9.0-windows\WileyWidget.UiTests.dll" adapterTypeName="executor://xunit/VsTestRunner2/netcoreapp" className="WileyWidget.UiTests.MainWindowUITests" name="Application_CanBeLaunchedFromTestEnvironment" />
    </UnitTest>
    <UnitTest name="WileyWidget.UiTests.MainWindowUITests.MainWindow_ContainsRibbonInterface" storage="c:\users\biges\desktop\wiley_widget\wileywidget.uitests\bin\debug\net9.0-windows\wileywidget.uitests.dll" id="b784be1b-b728-44f4-8e70-095fc6250191">
      <Execution id="368c35dc-8d96-4721-ba27-6c21b650f6a7" />
      <TestMethod codeBase="C:\Users\biges\Desktop\Wiley_Widget\WileyWidget.UiTests\bin\Debug\net9.0-windows\WileyWidget.UiTests.dll" adapterTypeName="executor://xunit/VsTestRunner2/netcoreapp" className="WileyWidget.UiTests.MainWindowUITests" name="MainWindow_ContainsRibbonInterface" />
    </UnitTest>
    <UnitTest name="WileyWidget.UiTests.MainWindowUITests.UI_Framework_Compatibility_Check" storage="c:\users\biges\desktop\wiley_widget\wileywidget.uitests\bin\debug\net9.0-windows\wileywidget.uitests.dll" id="c573233b-408e-6660-ac37-3cc6b7d50246">
      <Execution id="cb984705-0011-4371-9b40-2f14dc172fb7" />
      <TestMethod codeBase="C:\Users\biges\Desktop\Wiley_Widget\WileyWidget.UiTests\bin\Debug\net9.0-windows\WileyWidget.UiTests.dll" adapterTypeName="executor://xunit/VsTestRunner2/netcoreapp" className="WileyWidget.UiTests.MainWindowUITests" name="UI_Framework_Compatibility_Check" />
    </UnitTest>
    <UnitTest name="WileyWidget.UiTests.MainWindowUITests.MainWindow_LoadsWithExpectedTitle" storage="c:\users\biges\desktop\wiley_widget\wileywidget.uitests\bin\debug\net9.0-windows\wileywidget.uitests.dll" id="3866c083-a176-cae2-61ee-b71cb6185d2b">
      <Execution id="ea24c3f4-3b13-4354-bf53-3cc7c62bd334" />
      <TestMethod codeBase="C:\Users\biges\Desktop\Wiley_Widget\WileyWidget.UiTests\bin\Debug\net9.0-windows\WileyWidget.UiTests.dll" adapterTypeName="executor://xunit/VsTestRunner2/netcoreapp" className="WileyWidget.UiTests.MainWindowUITests" name="MainWindow_LoadsWithExpectedTitle" />
    </UnitTest>
    <UnitTest name="WileyWidget.UiTests.MainWindowUITests.MainWindow_HasAllExpectedTabs" storage="c:\users\biges\desktop\wiley_widget\wileywidget.uitests\bin\debug\net9.0-windows\wileywidget.uitests.dll" id="759a79a0-c917-a9ba-b00f-8ffc9e102928">
      <Execution id="8fb2b11e-7930-45e0-89c8-fe2dfe5b4c64" />
      <TestMethod codeBase="C:\Users\biges\Desktop\Wiley_Widget\WileyWidget.UiTests\bin\Debug\net9.0-windows\WileyWidget.UiTests.dll" adapterTypeName="executor://xunit/VsTestRunner2/netcoreapp" className="WileyWidget.UiTests.MainWindowUITests" name="MainWindow_HasAllExpectedTabs" />
    </UnitTest>
    <UnitTest name="WileyWidget.UiTests.MainWindowUITests.UI_Automation_CanEnumerateDesktopWindows" storage="c:\users\biges\desktop\wiley_widget\wileywidget.uitests\bin\debug\net9.0-windows\wileywidget.uitests.dll" id="2069c557-3fbb-0610-bc33-93106cab9382">
      <Execution id="1c775540-dbee-4bae-a5dc-743dce0ea4a3" />
      <TestMethod codeBase="C:\Users\biges\Desktop\Wiley_Widget\WileyWidget.UiTests\bin\Debug\net9.0-windows\WileyWidget.UiTests.dll" adapterTypeName="executor://xunit/VsTestRunner2/netcoreapp" className="WileyWidget.UiTests.MainWindowUITests" name="UI_Automation_CanEnumerateDesktopWindows" />
    </UnitTest>
  </TestDefinitions>
  <TestEntries>
    <TestEntry testId="f6d5f5bb-05c6-918d-ca59-9e31473e5112" executionId="f84fb8c6-9eb0-4a48-8439-dabb4628690e" testListId="8c84fa94-04c1-424b-9868-57a2d4851a1d" />
    <TestEntry testId="c573233b-408e-6660-ac37-3cc6b7d50246" executionId="cb984705-0011-4371-9b40-2f14dc172fb7" testListId="8c84fa94-04c1-424b-9868-57a2d4851a1d" />
    <TestEntry testId="b784be1b-b728-44f4-8e70-095fc6250191" executionId="368c35dc-8d96-4721-ba27-6c21b650f6a7" testListId="8c84fa94-04c1-424b-9868-57a2d4851a1d" />
    <TestEntry testId="9b8797f9-7eae-a20c-6f76-1f24c45beaf5" executionId="dfa44ec7-5e9c-4e54-a630-b9fe6f3eed43" testListId="8c84fa94-04c1-424b-9868-57a2d4851a1d" />
    <TestEntry testId="2069c557-3fbb-0610-bc33-93106cab9382" executionId="1c775540-dbee-4bae-a5dc-743dce0ea4a3" testListId="8c84fa94-04c1-424b-9868-57a2d4851a1d" />
    <TestEntry testId="4e09d0f0-d0e3-ce1a-54bc-44a73be06ad0" executionId="237720fd-9f9e-4126-918a-b4627c4ecebd" testListId="8c84fa94-04c1-424b-9868-57a2d4851a1d" />
    <TestEntry testId="be565b50-8d83-c276-947d-d5d13795c237" executionId="8da0acf2-f5d5-4c97-b84d-5d455d54b980" testListId="8c84fa94-04c1-424b-9868-57a2d4851a1d" />
    <TestEntry testId="9daec5f3-5b2a-58a6-e44e-972fdbc203a3" executionId="cd053f74-63b7-4113-bbad-cfff933ef2ee" testListId="8c84fa94-04c1-424b-9868-57a2d4851a1d" />
    <TestEntry testId="848d400a-3297-38f8-3511-ef5fc9699422" executionId="06396160-ebe8-4313-b3e2-7292a71694ec" testListId="8c84fa94-04c1-424b-9868-57a2d4851a1d" />
    <TestEntry testId="8ccd3ba8-584e-e74e-cadd-221f276c8394" executionId="ffce5c78-92a6-40fe-9026-beaec629e5e2" testListId="8c84fa94-04c1-424b-9868-57a2d4851a1d" />
    <TestEntry testId="fba49196-ded9-4235-7a6e-d8bc3d32b0fa" executionId="b7fbaac4-c874-4c87-a3de-0df8ea1bb4ae" testListId="8c84fa94-04c1-424b-9868-57a2d4851a1d" />
    <TestEntry testId="3866c083-a176-cae2-61ee-b71cb6185d2b" executionId="ea24c3f4-3b13-4354-bf53-3cc7c62bd334" testListId="8c84fa94-04c1-424b-9868-57a2d4851a1d" />
    <TestEntry testId="759a79a0-c917-a9ba-b00f-8ffc9e102928" executionId="8fb2b11e-7930-45e0-89c8-fe2dfe5b4c64" testListId="8c84fa94-04c1-424b-9868-57a2d4851a1d" />
  </TestEntries>
  <TestLists>
    <TestList name="Results Not in a List" id="8c84fa94-04c1-424b-9868-57a2d4851a1d" />
    <TestList name="All Loaded Results" id="19431567-8539-422a-85d7-44ee4e166bda" />
  </TestLists>
  <ResultSummary outcome="Failed">
    <Counters total="13" executed="11" passed="0" failed="11" error="0" timeout="0" aborted="0" inconclusive="0" passedButRunAborted="0" notRunnable="0" notExecuted="0" disconnected="0" warning="0" completed="0" inProgress="0" pending="0" />
    <Output>
      <StdOut>[xUnit.net 00:00:00.00] xUnit.net VSTest Adapter v2.8.2+699d445a1a (64-bit .NET 9.0.8)&#xD;
[xUnit.net 00:00:00.09]   Discovering: WileyWidget.UiTests&#xD;
[xUnit.net 00:00:00.13]   Discovered:  WileyWidget.UiTests&#xD;
[xUnit.net 00:00:00.13]   Starting:    WileyWidget.UiTests&#xD;
[xUnit.net 00:00:00.18]       System.InvalidOperationException : UI tests must run on STA thread&#xD;
[xUnit.net 00:00:00.18]       Stack Trace:&#xD;
[xUnit.net 00:00:00.18]         C:\Users\biges\Desktop\Wiley_Widget\WileyWidget.UiTests\MainWindowUITests.cs(33,0): at WileyWidget.UiTests.MainWindowUITests..ctor()&#xD;
[xUnit.net 00:00:00.18]            at System.RuntimeType.CreateInstanceDefaultCtor(Boolean publicOnly, Boolean wrapExceptions)&#xD;
[xUnit.net 00:00:00.19]       System.InvalidOperationException : UI tests must run on STA thread&#xD;
[xUnit.net 00:00:00.19]       Stack Trace:&#xD;
[xUnit.net 00:00:00.19]         C:\Users\biges\Desktop\Wiley_Widget\WileyWidget.UiTests\MainWindowUITests.cs(33,0): at WileyWidget.UiTests.MainWindowUITests..ctor()&#xD;
[xUnit.net 00:00:00.19]            at System.RuntimeType.CreateInstanceDefaultCtor(Boolean publicOnly, Boolean wrapExceptions)&#xD;
[xUnit.net 00:00:00.19]       System.InvalidOperationException : UI tests must run on STA thread&#xD;
[xUnit.net 00:00:00.19]       Stack Trace:&#xD;
[xUnit.net 00:00:00.19]         C:\Users\biges\Desktop\Wiley_Widget\WileyWidget.UiTests\MainWindowUITests.cs(33,0): at WileyWidget.UiTests.MainWindowUITests..ctor()&#xD;
[xUnit.net 00:00:00.19]            at System.RuntimeType.CreateInstanceDefaultCtor(Boolean publicOnly, Boolean wrapExceptions)&#xD;
[xUnit.net 00:00:00.19]       System.InvalidOperationException : UI tests must run on STA thread&#xD;
[xUnit.net 00:00:00.19]       Stack Trace:&#xD;
[xUnit.net 00:00:00.19]         C:\Users\biges\Desktop\Wiley_Widget\WileyWidget.UiTests\MainWindowUITests.cs(33,0): at WileyWidget.UiTests.MainWindowUITests..ctor()&#xD;
[xUnit.net 00:00:00.19]            at System.RuntimeType.CreateInstanceDefaultCtor(Boolean publicOnly, Boolean wrapExceptions)&#xD;
[xUnit.net 00:00:00.19]       Requires application to be built and available&#xD;
[xUnit.net 00:00:00.19]       System.InvalidOperationException : UI tests must run on STA thread&#xD;
[xUnit.net 00:00:00.19]       Stack Trace:&#xD;
[xUnit.net 00:00:00.19]         C:\Users\biges\Desktop\Wiley_Widget\WileyWidget.UiTests\MainWindowUITests.cs(33,0): at WileyWidget.UiTests.MainWindowUITests..ctor()&#xD;
[xUnit.net 00:00:00.19]            at System.RuntimeType.CreateInstanceDefaultCtor(Boolean publicOnly, Boolean wrapExceptions)&#xD;
[xUnit.net 00:00:00.19]       System.InvalidOperationException : UI tests must run on STA thread&#xD;
[xUnit.net 00:00:00.19]       Stack Trace:&#xD;
[xUnit.net 00:00:00.19]         C:\Users\biges\Desktop\Wiley_Widget\WileyWidget.UiTests\MainWindowUITests.cs(33,0): at WileyWidget.UiTests.MainWindowUITests..ctor()&#xD;
[xUnit.net 00:00:00.19]            at System.RuntimeType.CreateInstanceDefaultCtor(Boolean publicOnly, Boolean wrapExceptions)&#xD;
[xUnit.net 00:00:00.19]       System.InvalidOperationException : UI tests must run on STA thread&#xD;
[xUnit.net 00:00:00.19]       Stack Trace:&#xD;
[xUnit.net 00:00:00.19]         C:\Users\biges\Desktop\Wiley_Widget\WileyWidget.UiTests\MainWindowUITests.cs(33,0): at WileyWidget.UiTests.MainWindowUITests..ctor()&#xD;
[xUnit.net 00:00:00.19]            at System.RuntimeType.CreateInstanceDefaultCtor(Boolean publicOnly, Boolean wrapExceptions)&#xD;
[xUnit.net 00:00:00.19]       System.InvalidOperationException : UI tests must run on STA thread&#xD;
[xUnit.net 00:00:00.19]       Stack Trace:&#xD;
[xUnit.net 00:00:00.19]         C:\Users\biges\Desktop\Wiley_Widget\WileyWidget.UiTests\MainWindowUITests.cs(33,0): at WileyWidget.UiTests.MainWindowUITests..ctor()&#xD;
[xUnit.net 00:00:00.19]            at System.RuntimeType.CreateInstanceDefaultCtor(Boolean publicOnly, Boolean wrapExceptions)&#xD;
Test 'WileyWidget.UiTests.MainWindowUITests.MainWindow_HasExpectedUIElements' was skipped in the test run.&#xD;
[xUnit.net 00:00:00.21]       Requires application to be built and available&#xD;
[xUnit.net 00:00:00.21]       System.InvalidOperationException : UI tests must run on STA thread&#xD;
[xUnit.net 00:00:00.21]       Stack Trace:&#xD;
[xUnit.net 00:00:00.21]         C:\Users\biges\Desktop\Wiley_Widget\WileyWidget.UiTests\MainWindowUITests.cs(33,0): at WileyWidget.UiTests.MainWindowUITests..ctor()&#xD;
[xUnit.net 00:00:00.21]            at System.RuntimeType.CreateInstanceDefaultCtor(Boolean publicOnly, Boolean wrapExceptions)&#xD;
[xUnit.net 00:00:00.21]       System.InvalidOperationException : UI tests must run on STA thread&#xD;
[xUnit.net 00:00:00.21]       Stack Trace:&#xD;
[xUnit.net 00:00:00.21]         C:\Users\biges\Desktop\Wiley_Widget\WileyWidget.UiTests\MainWindowUITests.cs(33,0): at WileyWidget.UiTests.MainWindowUITests..ctor()&#xD;
[xUnit.net 00:00:00.21]            at System.RuntimeType.CreateInstanceDefaultCtor(Boolean publicOnly, Boolean wrapExceptions)&#xD;
[xUnit.net 00:00:00.21]       System.InvalidOperationException : UI tests must run on STA thread&#xD;
[xUnit.net 00:00:00.21]       Stack Trace:&#xD;
[xUnit.net 00:00:00.21]         C:\Users\biges\Desktop\Wiley_Widget\WileyWidget.UiTests\MainWindowUITests.cs(33,0): at WileyWidget.UiTests.MainWindowUITests..ctor()&#xD;
[xUnit.net 00:00:00.21]            at System.RuntimeType.CreateInstanceDefaultCtor(Boolean publicOnly, Boolean wrapExceptions)&#xD;
[xUnit.net 00:00:00.22]   Finished:    WileyWidget.UiTests&#xD;
Test 'WileyWidget.UiTests.MainWindowUITests.MainWindow_CanBeLaunched' was skipped in the test run.&#xD;
</StdOut>
    </Output>
    <RunInfos>
      <RunInfo computerName="MCKITRICK" outcome="Warning" timestamp="2025-08-29T19:02:08.5410490-06:00">
        <Text>ExecutionThreadApartmentState option not supported for framework: .NETCoreApp,Version=v9.0.</Text>
      </RunInfo>
      <RunInfo computerName="MCKITRICK" outcome="Error" timestamp="2025-08-29T19:02:08.7266388-06:00">
        <Text>[xUnit.net 00:00:00.18]     WileyWidget.UiTests.MainWindowUITests.MainWindow_LoadsWithExpectedTitle [FAIL]</Text>
      </RunInfo>
      <RunInfo computerName="MCKITRICK" outcome="Error" timestamp="2025-08-29T19:02:08.7367688-06:00">
        <Text>[xUnit.net 00:00:00.19]     WileyWidget.UiTests.MainWindowUITests.UI_Automation_CanEnumerateDesktopWindows [FAIL]</Text>
      </RunInfo>
      <RunInfo computerName="MCKITRICK" outcome="Error" timestamp="2025-08-29T19:02:08.7374277-06:00">
        <Text>[xUnit.net 00:00:00.19]     WileyWidget.UiTests.MainWindowUITests.MainWindow_ContainsRibbonInterface [FAIL]</Text>
      </RunInfo>
      <RunInfo computerName="MCKITRICK" outcome="Error" timestamp="2025-08-29T19:02:08.7380760-06:00">
        <Text>[xUnit.net 00:00:00.19]     WileyWidget.UiTests.MainWindowUITests.UI_Framework_Compatibility_Check [FAIL]</Text>
      </RunInfo>
      <RunInfo computerName="MCKITRICK" outcome="Warning" timestamp="2025-08-29T19:02:08.7388586-06:00">
        <Text>[xUnit.net 00:00:00.19]     WileyWidget.UiTests.MainWindowUITests.MainWindow_HasExpectedUIElements [SKIP]</Text>
      </RunInfo>
      <RunInfo computerName="MCKITRICK" outcome="Error" timestamp="2025-08-29T19:02:08.7395725-06:00">
        <Text>[xUnit.net 00:00:00.19]     WileyWidget.UiTests.MainWindowUITests.UI_Test_Environment_IsReady [FAIL]</Text>
      </RunInfo>
      <RunInfo computerName="MCKITRICK" outcome="Error" timestamp="2025-08-29T19:02:08.7400763-06:00">
        <Text>[xUnit.net 00:00:00.19]     WileyWidget.UiTests.MainWindowUITests.MainWindow_ContainsTabControl [FAIL]</Text>
      </RunInfo>
      <RunInfo computerName="MCKITRICK" outcome="Error" timestamp="2025-08-29T19:02:08.7404080-06:00">
        <Text>[xUnit.net 00:00:00.19]     WileyWidget.UiTests.MainWindowUITests.UI_Test_Framework_IsConfigured [FAIL]</Text>
      </RunInfo>
      <RunInfo computerName="MCKITRICK" outcome="Error" timestamp="2025-08-29T19:02:08.7408491-06:00">
        <Text>[xUnit.net 00:00:00.19]     WileyWidget.UiTests.MainWindowUITests.Application_CanBeLaunchedFromTestEnvironment [FAIL]</Text>
      </RunInfo>
      <RunInfo computerName="MCKITRICK" outcome="Warning" timestamp="2025-08-29T19:02:08.8085787-06:00">
        <Text>[xUnit.net 00:00:00.21]     WileyWidget.UiTests.MainWindowUITests.MainWindow_CanBeLaunched [SKIP]</Text>
      </RunInfo>
      <RunInfo computerName="MCKITRICK" outcome="Error" timestamp="2025-08-29T19:02:08.8087636-06:00">
        <Text>[xUnit.net 00:00:00.21]     WileyWidget.UiTests.MainWindowUITests.MainWindow_HasExpectedDimensions [FAIL]</Text>
      </RunInfo>
      <RunInfo computerName="MCKITRICK" outcome="Error" timestamp="2025-08-29T19:02:08.8091300-06:00">
        <Text>[xUnit.net 00:00:00.21]     WileyWidget.UiTests.MainWindowUITests.MainWindow_HasAllExpectedTabs [FAIL]</Text>
      </RunInfo>
      <RunInfo computerName="MCKITRICK" outcome="Error" timestamp="2025-08-29T19:02:08.8095299-06:00">
        <Text>[xUnit.net 00:00:00.21]     WileyWidget.UiTests.MainWindowUITests.UI_Automation_CanFindDesktop [FAIL]</Text>
      </RunInfo>
    </RunInfos>
    <CollectorDataEntries>
      <Collector agentName="MCKITRICK" uri="datacollector://microsoft/CodeCoverage/2.0" collectorDisplayName="Code Coverage">
        <UriAttachments>
          <UriAttachment>
            <A href="MCKITRICK\biges_MCKITRICK_2025-08-29.19_02_08.coverage"></A>
          </UriAttachment>
        </UriAttachments>
      </Collector>
    </CollectorDataEntries>
  </ResultSummary>
</TestRun>